hjksfhkjdsbf

3fr4rr4
34r34t5445
